---
source: crates/ndc-graphql/tests/query_builder.rs
expression: operation.headers
input_file: crates/ndc-graphql/tests/config-3/queries/03_child_node_parameters.request.json
---
Authorization: Bearer <token>
