---
source: crates/ndc-graphql/tests/query_builder.rs
expression: capabilities_response()
---
version: 0.1.6
capabilities:
  query:
    variables: {}
    explain: {}
    nested_fields: {}
    exists: {}
  mutation:
    explain: {}
