---
source: crates/ndc-graphql/tests/query_builder.rs
expression: operation.headers
input_file: crates/ndc-graphql/tests/config-3/queries/01_basic_query.request.json
---
Authorization: Bearer <token>
