---
source: crates/ndc-graphql/tests/query_builder.rs
expression: operation.query
input_file: crates/ndc-graphql/tests/config-3/mutations/02_multiple_operations.request.json
---
mutation($arg_1__set: Album_set_input, $arg_2_pk_columns: Album_pk_columns_input!, $arg_3__set: Album_set_input, $arg_4_pk_columns: Album_pk_columns_input!) {
  procedure_0: update_Album_by_pk(_set: $arg_1__set, pk_columns: $arg_2_pk_columns) {
    AlbumId
    Title
  }
  procedure_1: update_Album_by_pk(_set: $arg_3__set, pk_columns: $arg_4_pk_columns) {
    AlbumId
    Title
  }
}
