---
source: crates/ndc-graphql/tests/query_builder.rs
expression: operation.headers
input_file: crates/ndc-graphql/tests/config-3/mutations/01_single_operation.request.json
---
Authorization: Bearer <token>
